// Jest Snapshot v1, https://goo.gl/fbAQLP

exports[`LeftDrawer Should match the snapshot 1`] = `ShallowWrapper {}`;
