// Jest Snapshot v1, https://goo.gl/fbAQLP

exports[`Typography Should match the snapshot 1`] = `ShallowWrapper {}`;
