// Jest Snapshot v1, https://goo.gl/fbAQLP

exports[`Select Should match the snapshot 1`] = `ShallowWrapper {}`;
