// Jest Snapshot v1, https://goo.gl/fbAQLP

exports[`Select Should match the snapshot 1`] = `
<p
  class="MuiTypography-root MuiTypography-body1 undefined css-ahj2mt-MuiTypography-root"
>
  Desenvolvedor Front-End
</p>
`;
