// Jest Snapshot v1, https://goo.gl/fbAQLP

exports[`Input Should match the snapshot 1`] = `
<input
  aria-invalid="false"
  class="MuiInputBase-input MuiInput-input css-1x51dt5-MuiInputBase-input-MuiInput-input"
  id="text-input"
  type="text"
  value=""
/>
`;
