// Jest Snapshot v1, https://goo.gl/fbAQLP

exports[`CandidatesCard Should match the snapshot 1`] = `ShallowWrapper {}`;
